FATAL [4,9]-[4,10]: Return with a value in void function
FATAL [10,7]-[10,12]: Type of actual does not match type of formal
Type Analysis Failed
