FATAL [2,5]-[2,15]: Invalid equality operation
Type Analysis Failed
